[migrator] 2025/11/24 12:37:35 logging to logs/plan402/migration/migrator--dryrun.log
[migrator] 2025/11/24 12:37:35 starting legacy export (dryRun=true)...
[migrator] 2025/11/24 12:37:35 dry-run: would migrate 3b99930c-4dc6-4cc9-8e4d-7d960a931cb9/1000000
[migrator] 2025/11/24 12:37:35 dry-run: would migrate 3b99930c-4dc6-4cc9-8e4d-7d960a931cb9/1000001
[migrator] 2025/11/24 12:37:35 dry-run: would migrate 3b99930c-4dc6-4cc9-8e4d-7d960a931cb9/1000002
[migrator] 2025/11/24 12:37:35 dry-run: would migrate 3b99930c-4dc6-4cc9-8e4d-7d960a931cb9/1000003
[migrator] 2025/11/24 12:37:35 dry-run: would migrate 3b99930c-4dc6-4cc9-8e4d-7d960a931cb9/1000004
[migrator] 2025/11/24 12:37:35 dry-run: would migrate 3b99930c-4dc6-4cc9-8e4d-7d960a931cb9/1000005
[migrator] 2025/11/24 12:37:35 dry-run: would migrate 3b99930c-4dc6-4cc9-8e4d-7d960a931cb9/1000006
[migrator] 2025/11/24 12:37:35 dry-run: would migrate 3b99930c-4dc6-4cc9-8e4d-7d960a931cb9/1000007
[migrator] 2025/11/24 12:37:35 dry-run: would migrate 3b99930c-4dc6-4cc9-8e4d-7d960a931cb9/1000008
[migrator] 2025/11/24 12:37:35 dry-run: would migrate 3b99930c-4dc6-4cc9-8e4d-7d960a931cb9/1000009
[migrator] 2025/11/24 12:37:35 dry-run: would migrate 3b99930c-4dc6-4cc9-8e4d-7d960a931cb9/1000010
[migrator] 2025/11/24 12:37:35 dry-run: would migrate 3b99930c-4dc6-4cc9-8e4d-7d960a931cb9/1000011
[migrator] 2025/11/24 12:37:35 dry-run: would migrate 3b99930c-4dc6-4cc9-8e4d-7d960a931cb9/1000012
[migrator] 2025/11/24 12:37:35 dry-run: would migrate 3b99930c-4dc6-4cc9-8e4d-7d960a931cb9/1000013
[migrator] 2025/11/24 12:37:35 dry-run: would migrate 3b99930c-4dc6-4cc9-8e4d-7d960a931cb9/1000014
[migrator] 2025/11/24 12:37:35 dry-run: would migrate 3b99930c-4dc6-4cc9-8e4d-7d960a931cb9/1000015
[migrator] 2025/11/24 12:37:35 dry-run: would migrate 3b99930c-4dc6-4cc9-8e4d-7d960a931cb9/1000016
[migrator] 2025/11/24 12:37:35 dry-run: would migrate 3b99930c-4dc6-4cc9-8e4d-7d960a931cb9/1000017
[migrator] 2025/11/24 12:37:35 dry-run: would migrate 3b99930c-4dc6-4cc9-8e4d-7d960a931cb9/1000018
[migrator] 2025/11/24 12:37:35 dry-run: would migrate 3b99930c-4dc6-4cc9-8e4d-7d960a931cb9/1000019
[migrator] 2025/11/24 12:37:35 dry-run: would migrate 3b99930c-4dc6-4cc9-8e4d-7d960a931cb9/1000020
[migrator] 2025/11/24 12:37:35 dry-run: would migrate 3b99930c-4dc6-4cc9-8e4d-7d960a931cb9/1000021
[migrator] 2025/11/24 12:37:35 dry-run: would migrate 3b99930c-4dc6-4cc9-8e4d-7d960a931cb9/1000022
[migrator] 2025/11/24 12:37:35 dry-run: would migrate 3b99930c-4dc6-4cc9-8e4d-7d960a931cb9/1000023
[migrator] 2025/11/24 12:37:35 dry-run: would migrate 3b99930c-4dc6-4cc9-8e4d-7d960a931cb9/1000024
[migrator] 2025/11/24 12:37:35 dry-run: would migrate 3b99930c-4dc6-4cc9-8e4d-7d960a931cb9/1000025
[migrator] 2025/11/24 12:37:35 dry-run: would migrate 3b99930c-4dc6-4cc9-8e4d-7d960a931cb9/1000026
[migrator] 2025/11/24 12:37:35 dry-run: would migrate 3b99930c-4dc6-4cc9-8e4d-7d960a931cb9/1000027
[migrator] 2025/11/24 12:37:35 dry-run: would migrate 3b99930c-4dc6-4cc9-8e4d-7d960a931cb9/1000028
[migrator] 2025/11/24 12:37:35 dry-run: would migrate 3b99930c-4dc6-4cc9-8e4d-7d960a931cb9/1000029
[migrator] 2025/11/24 12:37:35 dry-run: would migrate 3b99930c-4dc6-4cc9-8e4d-7d960a931cb9/1000030
[migrator] 2025/11/24 12:37:35 dry-run: would migrate 3b99930c-4dc6-4cc9-8e4d-7d960a931cb9/1000031
[migrator] 2025/11/24 12:37:35 dry-run: would migrate 3b99930c-4dc6-4cc9-8e4d-7d960a931cb9/1000032
[migrator] 2025/11/24 12:37:35 dry-run: would migrate 3b99930c-4dc6-4cc9-8e4d-7d960a931cb9/1000033
[migrator] 2025/11/24 12:37:35 dry-run: would migrate 3b99930c-4dc6-4cc9-8e4d-7d960a931cb9/1000034
[migrator] 2025/11/24 12:37:35 dry-run: would migrate 3b99930c-4dc6-4cc9-8e4d-7d960a931cb9/1000035
[migrator] 2025/11/24 12:37:35 dry-run: would migrate 3b99930c-4dc6-4cc9-8e4d-7d960a931cb9/1000036
[migrator] 2025/11/24 12:37:35 dry-run: would migrate 3b99930c-4dc6-4cc9-8e4d-7d960a931cb9/1000037
[migrator] 2025/11/24 12:37:35 dry-run: would migrate 3b99930c-4dc6-4cc9-8e4d-7d960a931cb9/1000038
[migrator] 2025/11/24 12:37:35 dry-run: would migrate 3b99930c-4dc6-4cc9-8e4d-7d960a931cb9/1000039
[migrator] 2025/11/24 12:37:35 dry-run: would migrate 3b99930c-4dc6-4cc9-8e4d-7d960a931cb9/1000040
[migrator] 2025/11/24 12:37:35 dry-run: would migrate 3b99930c-4dc6-4cc9-8e4d-7d960a931cb9/1000041
[migrator] 2025/11/24 12:37:35 dry-run: would migrate 3b99930c-4dc6-4cc9-8e4d-7d960a931cb9/1000042
[migrator] 2025/11/24 12:37:35 dry-run: would migrate 3b99930c-4dc6-4cc9-8e4d-7d960a931cb9/1000043
[migrator] 2025/11/24 12:37:35 dry-run: would migrate 3b99930c-4dc6-4cc9-8e4d-7d960a931cb9/1000044
[migrator] 2025/11/24 12:37:35 dry-run: would migrate 3b99930c-4dc6-4cc9-8e4d-7d960a931cb9/1000045
[migrator] 2025/11/24 12:37:35 dry-run: would migrate 3b99930c-4dc6-4cc9-8e4d-7d960a931cb9/1000046
[migrator] 2025/11/24 12:37:35 dry-run: would migrate 3b99930c-4dc6-4cc9-8e4d-7d960a931cb9/1000047
[migrator] 2025/11/24 12:37:35 dry-run: would migrate 3b99930c-4dc6-4cc9-8e4d-7d960a931cb9/1000048
[migrator] 2025/11/24 12:37:35 dry-run: would migrate 3b99930c-4dc6-4cc9-8e4d-7d960a931cb9/1000049
[migrator] 2025/11/24 12:37:35 dry-run: would migrate 3b99930c-4dc6-4cc9-8e4d-7d960a931cb9/1000050
[migrator] 2025/11/24 12:37:35 dry-run: would migrate 3b99930c-4dc6-4cc9-8e4d-7d960a931cb9/1000051
[migrator] 2025/11/24 12:37:35 dry-run: would migrate 3b99930c-4dc6-4cc9-8e4d-7d960a931cb9/1000052
[migrator] 2025/11/24 12:37:35 dry-run: would migrate 3b99930c-4dc6-4cc9-8e4d-7d960a931cb9/1000053
[migrator] 2025/11/24 12:37:35 dry-run: would migrate 3b99930c-4dc6-4cc9-8e4d-7d960a931cb9/1000054
[migrator] 2025/11/24 12:37:35 dry-run: would migrate 3b99930c-4dc6-4cc9-8e4d-7d960a931cb9/1000055
[migrator] 2025/11/24 12:37:35 dry-run: would migrate 3b99930c-4dc6-4cc9-8e4d-7d960a931cb9/1000056
[migrator] 2025/11/24 12:37:35 dry-run: would migrate 3b99930c-4dc6-4cc9-8e4d-7d960a931cb9/1000057
[migrator] 2025/11/24 12:37:35 dry-run: would migrate 3b99930c-4dc6-4cc9-8e4d-7d960a931cb9/1000058
[migrator] 2025/11/24 12:37:35 dry-run: would migrate 3b99930c-4dc6-4cc9-8e4d-7d960a931cb9/1000059
[migrator] 2025/11/24 12:37:35 dry-run: would migrate 3b99930c-4dc6-4cc9-8e4d-7d960a931cb9/1000060
[migrator] 2025/11/24 12:37:35 dry-run: would migrate 3b99930c-4dc6-4cc9-8e4d-7d960a931cb9/1000061
[migrator] 2025/11/24 12:37:35 dry-run: would migrate 3b99930c-4dc6-4cc9-8e4d-7d960a931cb9/1000062
[migrator] 2025/11/24 12:37:35 dry-run: would migrate 3b99930c-4dc6-4cc9-8e4d-7d960a931cb9/1000063
[migrator] 2025/11/24 12:37:35 dry-run: would migrate 3b99930c-4dc6-4cc9-8e4d-7d960a931cb9/1000064
[migrator] 2025/11/24 12:37:35 dry-run: would migrate 3b99930c-4dc6-4cc9-8e4d-7d960a931cb9/1000065
[migrator] 2025/11/24 12:37:35 dry-run: would migrate 3b99930c-4dc6-4cc9-8e4d-7d960a931cb9/1000066
[migrator] 2025/11/24 12:37:35 dry-run: would migrate 3b99930c-4dc6-4cc9-8e4d-7d960a931cb9/1000067
[migrator] 2025/11/24 12:37:35 dry-run: would migrate 3b99930c-4dc6-4cc9-8e4d-7d960a931cb9/1000068
[migrator] 2025/11/24 12:37:35 dry-run: would migrate 3b99930c-4dc6-4cc9-8e4d-7d960a931cb9/1000069
[migrator] 2025/11/24 12:37:35 dry-run: would migrate 3b99930c-4dc6-4cc9-8e4d-7d960a931cb9/1000070
[migrator] 2025/11/24 12:37:35 dry-run: would migrate 3b99930c-4dc6-4cc9-8e4d-7d960a931cb9/1000071
[migrator] 2025/11/24 12:37:35 dry-run: would migrate 3b99930c-4dc6-4cc9-8e4d-7d960a931cb9/1000072
[migrator] 2025/11/24 12:37:35 dry-run: would migrate 3b99930c-4dc6-4cc9-8e4d-7d960a931cb9/1000073
[migrator] 2025/11/24 12:37:35 dry-run: would migrate 3b99930c-4dc6-4cc9-8e4d-7d960a931cb9/1000074
[migrator] 2025/11/24 12:37:35 dry-run: would migrate 3b99930c-4dc6-4cc9-8e4d-7d960a931cb9/1000075
[migrator] 2025/11/24 12:37:35 dry-run: would migrate 3b99930c-4dc6-4cc9-8e4d-7d960a931cb9/1000076
[migrator] 2025/11/24 12:37:35 dry-run: would migrate 3b99930c-4dc6-4cc9-8e4d-7d960a931cb9/1000077
[migrator] 2025/11/24 12:37:35 dry-run: would migrate 3b99930c-4dc6-4cc9-8e4d-7d960a931cb9/1000078
[migrator] 2025/11/24 12:37:35 dry-run: would migrate 3b99930c-4dc6-4cc9-8e4d-7d960a931cb9/1002832
[migrator] 2025/11/24 12:37:35 dry-run: would migrate 3b99930c-4dc6-4cc9-8e4d-7d960a931cb9/1008825
[migrator] 2025/11/24 12:37:35 dry-run: would migrate 3b99930c-4dc6-4cc9-8e4d-7d960a931cb9/1009001
[migrator] 2025/11/24 12:37:35 dry-run: would migrate 3b99930c-4dc6-4cc9-8e4d-7d960a931cb9/1009913
[migrator] 2025/11/24 12:37:35 dry-run: would migrate 3b99930c-4dc6-4cc9-8e4d-7d960a931cb9/1027522
[migrator] 2025/11/24 12:37:35 dry-run: would migrate 3b99930c-4dc6-4cc9-8e4d-7d960a931cb9/1043090
[migrator] 2025/11/24 12:37:35 dry-run: would migrate 3b99930c-4dc6-4cc9-8e4d-7d960a931cb9/1055202
[migrator] 2025/11/24 12:37:35 dry-run: would migrate 3b99930c-4dc6-4cc9-8e4d-7d960a931cb9/1076459
[migrator] 2025/11/24 12:37:35 dry-run: would migrate 3b99930c-4dc6-4cc9-8e4d-7d960a931cb9/1117405
[migrator] 2025/11/24 12:37:35 dry-run: would migrate 3b99930c-4dc6-4cc9-8e4d-7d960a931cb9/1172204
[migrator] 2025/11/24 12:37:35 dry-run: would migrate 3b99930c-4dc6-4cc9-8e4d-7d960a931cb9/1172785
[migrator] 2025/11/24 12:37:35 dry-run: would migrate 3b99930c-4dc6-4cc9-8e4d-7d960a931cb9/1198075
[migrator] 2025/11/24 12:37:35 dry-run: would migrate 3b99930c-4dc6-4cc9-8e4d-7d960a931cb9/1208145
[migrator] 2025/11/24 12:37:35 dry-run: would migrate 3b99930c-4dc6-4cc9-8e4d-7d960a931cb9/1231851
[migrator] 2025/11/24 12:37:35 dry-run: would migrate 3b99930c-4dc6-4cc9-8e4d-7d960a931cb9/1260418
[migrator] 2025/11/24 12:37:35 dry-run: would migrate 3b99930c-4dc6-4cc9-8e4d-7d960a931cb9/1281342
[migrator] 2025/11/24 12:37:35 dry-run: would migrate 3b99930c-4dc6-4cc9-8e4d-7d960a931cb9/1282945
[migrator] 2025/11/24 12:37:35 dry-run: would migrate 3b99930c-4dc6-4cc9-8e4d-7d960a931cb9/1301552
[migrator] 2025/11/24 12:37:35 dry-run: would migrate 3b99930c-4dc6-4cc9-8e4d-7d960a931cb9/1302387
[migrator] 2025/11/24 12:37:35 dry-run: would migrate 3b99930c-4dc6-4cc9-8e4d-7d960a931cb9/1321055
[migrator] 2025/11/24 12:37:35 dry-run: would migrate 3b99930c-4dc6-4cc9-8e4d-7d960a931cb9/1333848
[migrator] 2025/11/24 12:37:35 processed 100 records
[migrator] 2025/11/24 12:37:35 dry-run: would migrate 3b99930c-4dc6-4cc9-8e4d-7d960a931cb9/1343837
[migrator] 2025/11/24 12:37:35 dry-run: would migrate 3b99930c-4dc6-4cc9-8e4d-7d960a931cb9/1360589
[migrator] 2025/11/24 12:37:35 dry-run: would migrate 3b99930c-4dc6-4cc9-8e4d-7d960a931cb9/1367506
[migrator] 2025/11/24 12:37:35 dry-run: would migrate 3b99930c-4dc6-4cc9-8e4d-7d960a931cb9/1369289
[migrator] 2025/11/24 12:37:35 dry-run: would migrate 3b99930c-4dc6-4cc9-8e4d-7d960a931cb9/1385658
[migrator] 2025/11/24 12:37:35 dry-run: would migrate 3b99930c-4dc6-4cc9-8e4d-7d960a931cb9/1407202
[migrator] 2025/11/24 12:37:35 dry-run: would migrate 3b99930c-4dc6-4cc9-8e4d-7d960a931cb9/1430052
[migrator] 2025/11/24 12:37:35 dry-run: would migrate 3b99930c-4dc6-4cc9-8e4d-7d960a931cb9/1466632
[migrator] 2025/11/24 12:37:35 dry-run: would migrate 3b99930c-4dc6-4cc9-8e4d-7d960a931cb9/1484000
[migrator] 2025/11/24 12:37:35 dry-run: would migrate 3b99930c-4dc6-4cc9-8e4d-7d960a931cb9/1513627
[migrator] 2025/11/24 12:37:35 dry-run: would migrate 3b99930c-4dc6-4cc9-8e4d-7d960a931cb9/1518849
[migrator] 2025/11/24 12:37:35 dry-run: would migrate 3b99930c-4dc6-4cc9-8e4d-7d960a931cb9/1581333
[migrator] 2025/11/24 12:37:35 dry-run: would migrate 3b99930c-4dc6-4cc9-8e4d-7d960a931cb9/1585708
[migrator] 2025/11/24 12:37:35 dry-run: would migrate 3b99930c-4dc6-4cc9-8e4d-7d960a931cb9/1592293
[migrator] 2025/11/24 12:37:35 dry-run: would migrate 3b99930c-4dc6-4cc9-8e4d-7d960a931cb9/1662359
[migrator] 2025/11/24 12:37:35 dry-run: would migrate 3b99930c-4dc6-4cc9-8e4d-7d960a931cb9/1668350
[migrator] 2025/11/24 12:37:35 dry-run: would migrate 3b99930c-4dc6-4cc9-8e4d-7d960a931cb9/1679039
[migrator] 2025/11/24 12:37:35 dry-run: would migrate 3b99930c-4dc6-4cc9-8e4d-7d960a931cb9/1736325
[migrator] 2025/11/24 12:37:35 dry-run: would migrate 3b99930c-4dc6-4cc9-8e4d-7d960a931cb9/1741389
[migrator] 2025/11/24 12:37:35 dry-run: would migrate 3b99930c-4dc6-4cc9-8e4d-7d960a931cb9/1746529
[migrator] 2025/11/24 12:37:35 dry-run: would migrate 3b99930c-4dc6-4cc9-8e4d-7d960a931cb9/1805953
[migrator] 2025/11/24 12:37:35 dry-run: would migrate 3b99930c-4dc6-4cc9-8e4d-7d960a931cb9/1830421
[migrator] 2025/11/24 12:37:35 dry-run: would migrate 3b99930c-4dc6-4cc9-8e4d-7d960a931cb9/1855651
[migrator] 2025/11/24 12:37:35 dry-run: would migrate 3b99930c-4dc6-4cc9-8e4d-7d960a931cb9/1857706
[migrator] 2025/11/24 12:37:35 dry-run: would migrate 3b99930c-4dc6-4cc9-8e4d-7d960a931cb9/1878834
[migrator] 2025/11/24 12:37:35 dry-run: would migrate 3b99930c-4dc6-4cc9-8e4d-7d960a931cb9/1880399
[migrator] 2025/11/24 12:37:35 dry-run: would migrate 3b99930c-4dc6-4cc9-8e4d-7d960a931cb9/1920563
[migrator] 2025/11/24 12:37:35 dry-run: would migrate 3b99930c-4dc6-4cc9-8e4d-7d960a931cb9/1932134
[migrator] 2025/11/24 12:37:35 dry-run: would migrate 3b99930c-4dc6-4cc9-8e4d-7d960a931cb9/1949140
[migrator] 2025/11/24 12:37:35 dry-run: would migrate 3b99930c-4dc6-4cc9-8e4d-7d960a931cb9/1954867
[migrator] 2025/11/24 12:37:35 dry-run: would migrate 3b99930c-4dc6-4cc9-8e4d-7d960a931cb9/1979219
[migrator] 2025/11/24 12:37:35 dry-run: would migrate 3b99930c-4dc6-4cc9-8e4d-7d960a931cb9/2071070
[migrator] 2025/11/24 12:37:35 dry-run: would migrate 3b99930c-4dc6-4cc9-8e4d-7d960a931cb9/2072550
[migrator] 2025/11/24 12:37:35 dry-run: would migrate 3b99930c-4dc6-4cc9-8e4d-7d960a931cb9/2078712
[migrator] 2025/11/24 12:37:35 dry-run: would migrate 3b99930c-4dc6-4cc9-8e4d-7d960a931cb9/2085274
[migrator] 2025/11/24 12:37:35 dry-run: would migrate 3b99930c-4dc6-4cc9-8e4d-7d960a931cb9/2198068
[migrator] 2025/11/24 12:37:35 dry-run: would migrate 3b99930c-4dc6-4cc9-8e4d-7d960a931cb9/2236742
[migrator] 2025/11/24 12:37:35 dry-run: would migrate 3b99930c-4dc6-4cc9-8e4d-7d960a931cb9/2242714
[migrator] 2025/11/24 12:37:35 dry-run: would migrate 3b99930c-4dc6-4cc9-8e4d-7d960a931cb9/2256896
[migrator] 2025/11/24 12:37:35 dry-run: would migrate 3b99930c-4dc6-4cc9-8e4d-7d960a931cb9/2266926
[migrator] 2025/11/24 12:37:35 dry-run: would migrate 3b99930c-4dc6-4cc9-8e4d-7d960a931cb9/2284623
[migrator] 2025/11/24 12:37:35 dry-run: would migrate 3b99930c-4dc6-4cc9-8e4d-7d960a931cb9/2287494
[migrator] 2025/11/24 12:37:35 dry-run: would migrate 3b99930c-4dc6-4cc9-8e4d-7d960a931cb9/2323467
[migrator] 2025/11/24 12:37:35 dry-run: would migrate 3b99930c-4dc6-4cc9-8e4d-7d960a931cb9/2327693
[migrator] 2025/11/24 12:37:35 dry-run: would migrate 3b99930c-4dc6-4cc9-8e4d-7d960a931cb9/2342221
[migrator] 2025/11/24 12:37:35 dry-run: would migrate 3b99930c-4dc6-4cc9-8e4d-7d960a931cb9/2361790
[migrator] 2025/11/24 12:37:35 dry-run: would migrate 3b99930c-4dc6-4cc9-8e4d-7d960a931cb9/2377766
[migrator] 2025/11/24 12:37:35 dry-run: would migrate 3b99930c-4dc6-4cc9-8e4d-7d960a931cb9/2393487
[migrator] 2025/11/24 12:37:35 dry-run: would migrate 3b99930c-4dc6-4cc9-8e4d-7d960a931cb9/2476326
[migrator] 2025/11/24 12:37:35 dry-run: would migrate 3b99930c-4dc6-4cc9-8e4d-7d960a931cb9/2521033
[migrator] 2025/11/24 12:37:35 dry-run: would migrate 3b99930c-4dc6-4cc9-8e4d-7d960a931cb9/2536324
[migrator] 2025/11/24 12:37:35 dry-run: would migrate 3b99930c-4dc6-4cc9-8e4d-7d960a931cb9/2536570
[migrator] 2025/11/24 12:37:35 dry-run: would migrate 3b99930c-4dc6-4cc9-8e4d-7d960a931cb9/2550450
[migrator] 2025/11/24 12:37:35 dry-run: would migrate 3b99930c-4dc6-4cc9-8e4d-7d960a931cb9/2566330
[migrator] 2025/11/24 12:37:35 dry-run: would migrate 3b99930c-4dc6-4cc9-8e4d-7d960a931cb9/2580535
[migrator] 2025/11/24 12:37:35 dry-run: would migrate 3b99930c-4dc6-4cc9-8e4d-7d960a931cb9/2634027
[migrator] 2025/11/24 12:37:35 dry-run: would migrate 3b99930c-4dc6-4cc9-8e4d-7d960a931cb9/2635434
[migrator] 2025/11/24 12:37:35 dry-run: would migrate 3b99930c-4dc6-4cc9-8e4d-7d960a931cb9/2664149
[migrator] 2025/11/24 12:37:35 dry-run: would migrate 3b99930c-4dc6-4cc9-8e4d-7d960a931cb9/2675397
[migrator] 2025/11/24 12:37:35 dry-run: would migrate 3b99930c-4dc6-4cc9-8e4d-7d960a931cb9/2694475
[migrator] 2025/11/24 12:37:35 dry-run: would migrate 3b99930c-4dc6-4cc9-8e4d-7d960a931cb9/2710997
[migrator] 2025/11/24 12:37:35 dry-run: would migrate 3b99930c-4dc6-4cc9-8e4d-7d960a931cb9/2736684
[migrator] 2025/11/24 12:37:35 dry-run: would migrate 3b99930c-4dc6-4cc9-8e4d-7d960a931cb9/2800051
[migrator] 2025/11/24 12:37:35 dry-run: would migrate 3b99930c-4dc6-4cc9-8e4d-7d960a931cb9/2842846
[migrator] 2025/11/24 12:37:35 dry-run: would migrate 3b99930c-4dc6-4cc9-8e4d-7d960a931cb9/2878541
[migrator] 2025/11/24 12:37:35 dry-run: would migrate 3b99930c-4dc6-4cc9-8e4d-7d960a931cb9/2936621
[migrator] 2025/11/24 12:37:35 dry-run: would migrate 3b99930c-4dc6-4cc9-8e4d-7d960a931cb9/2945281
[migrator] 2025/11/24 12:37:35 dry-run: would migrate 3b99930c-4dc6-4cc9-8e4d-7d960a931cb9/2973566
[migrator] 2025/11/24 12:37:35 dry-run: would migrate 3b99930c-4dc6-4cc9-8e4d-7d960a931cb9/2998012
[migrator] 2025/11/24 12:37:35 dry-run: would migrate 3b99930c-4dc6-4cc9-8e4d-7d960a931cb9/3011570
[migrator] 2025/11/24 12:37:35 dry-run: would migrate 3b99930c-4dc6-4cc9-8e4d-7d960a931cb9/3013061
[migrator] 2025/11/24 12:37:35 dry-run: would migrate 3b99930c-4dc6-4cc9-8e4d-7d960a931cb9/3033847
[migrator] 2025/11/24 12:37:35 dry-run: would migrate 3b99930c-4dc6-4cc9-8e4d-7d960a931cb9/3040117
[migrator] 2025/11/24 12:37:35 dry-run: would migrate 3b99930c-4dc6-4cc9-8e4d-7d960a931cb9/3060656
[migrator] 2025/11/24 12:37:35 dry-run: would migrate 3b99930c-4dc6-4cc9-8e4d-7d960a931cb9/3067586
[migrator] 2025/11/24 12:37:35 dry-run: would migrate 3b99930c-4dc6-4cc9-8e4d-7d960a931cb9/3147785
[migrator] 2025/11/24 12:37:35 dry-run: would migrate 3b99930c-4dc6-4cc9-8e4d-7d960a931cb9/3159516
[migrator] 2025/11/24 12:37:35 dry-run: would migrate 3b99930c-4dc6-4cc9-8e4d-7d960a931cb9/3176582
[migrator] 2025/11/24 12:37:35 dry-run: would migrate 3b99930c-4dc6-4cc9-8e4d-7d960a931cb9/3188088
[migrator] 2025/11/24 12:37:35 dry-run: would migrate 3b99930c-4dc6-4cc9-8e4d-7d960a931cb9/3206563
[migrator] 2025/11/24 12:37:35 dry-run: would migrate 3b99930c-4dc6-4cc9-8e4d-7d960a931cb9/3218357
[migrator] 2025/11/24 12:37:35 dry-run: would migrate 3b99930c-4dc6-4cc9-8e4d-7d960a931cb9/3238467
[migrator] 2025/11/24 12:37:35 dry-run: would migrate 3b99930c-4dc6-4cc9-8e4d-7d960a931cb9/3259401
[migrator] 2025/11/24 12:37:35 dry-run: would migrate 3b99930c-4dc6-4cc9-8e4d-7d960a931cb9/3277007
[migrator] 2025/11/24 12:37:35 dry-run: would migrate 3b99930c-4dc6-4cc9-8e4d-7d960a931cb9/3282686
[migrator] 2025/11/24 12:37:35 dry-run: would migrate 3b99930c-4dc6-4cc9-8e4d-7d960a931cb9/3295386
[migrator] 2025/11/24 12:37:35 dry-run: would migrate 3b99930c-4dc6-4cc9-8e4d-7d960a931cb9/3303574
[migrator] 2025/11/24 12:37:35 dry-run: would migrate 3b99930c-4dc6-4cc9-8e4d-7d960a931cb9/3332444
[migrator] 2025/11/24 12:37:35 dry-run: would migrate 3b99930c-4dc6-4cc9-8e4d-7d960a931cb9/3338481
[migrator] 2025/11/24 12:37:35 dry-run: would migrate 3b99930c-4dc6-4cc9-8e4d-7d960a931cb9/3412224
[migrator] 2025/11/24 12:37:35 dry-run: would migrate 3b99930c-4dc6-4cc9-8e4d-7d960a931cb9/3423334
[migrator] 2025/11/24 12:37:35 dry-run: would migrate 3b99930c-4dc6-4cc9-8e4d-7d960a931cb9/3457250
[migrator] 2025/11/24 12:37:35 dry-run: would migrate 3b99930c-4dc6-4cc9-8e4d-7d960a931cb9/3474254
[migrator] 2025/11/24 12:37:35 dry-run: would migrate 3b99930c-4dc6-4cc9-8e4d-7d960a931cb9/3487572
[migrator] 2025/11/24 12:37:35 dry-run: would migrate 3b99930c-4dc6-4cc9-8e4d-7d960a931cb9/3499942
[migrator] 2025/11/24 12:37:35 dry-run: would migrate 3b99930c-4dc6-4cc9-8e4d-7d960a931cb9/3511942
[migrator] 2025/11/24 12:37:35 dry-run: would migrate 3b99930c-4dc6-4cc9-8e4d-7d960a931cb9/3512127
[migrator] 2025/11/24 12:37:35 dry-run: would migrate 3b99930c-4dc6-4cc9-8e4d-7d960a931cb9/3542220
[migrator] 2025/11/24 12:37:35 dry-run: would migrate 3b99930c-4dc6-4cc9-8e4d-7d960a931cb9/3567332
[migrator] 2025/11/24 12:37:35 dry-run: would migrate 3b99930c-4dc6-4cc9-8e4d-7d960a931cb9/3583207
[migrator] 2025/11/24 12:37:35 processed 200 records
[migrator] 2025/11/24 12:37:35 dry-run: would migrate 3b99930c-4dc6-4cc9-8e4d-7d960a931cb9/3669163
[migrator] 2025/11/24 12:37:35 dry-run: would migrate 3b99930c-4dc6-4cc9-8e4d-7d960a931cb9/3671829
[migrator] 2025/11/24 12:37:35 dry-run: would migrate 3b99930c-4dc6-4cc9-8e4d-7d960a931cb9/3672446
[migrator] 2025/11/24 12:37:35 dry-run: would migrate 3b99930c-4dc6-4cc9-8e4d-7d960a931cb9/3676419
[migrator] 2025/11/24 12:37:35 dry-run: would migrate 3b99930c-4dc6-4cc9-8e4d-7d960a931cb9/3684925
[migrator] 2025/11/24 12:37:35 dry-run: would migrate 3b99930c-4dc6-4cc9-8e4d-7d960a931cb9/3764565
[migrator] 2025/11/24 12:37:35 dry-run: would migrate 3b99930c-4dc6-4cc9-8e4d-7d960a931cb9/3787693
[migrator] 2025/11/24 12:37:35 dry-run: would migrate 3b99930c-4dc6-4cc9-8e4d-7d960a931cb9/3807422
[migrator] 2025/11/24 12:37:35 dry-run: would migrate 3b99930c-4dc6-4cc9-8e4d-7d960a931cb9/3822359
[migrator] 2025/11/24 12:37:35 dry-run: would migrate 3b99930c-4dc6-4cc9-8e4d-7d960a931cb9/3861869
[migrator] 2025/11/24 12:37:35 dry-run: would migrate 3b99930c-4dc6-4cc9-8e4d-7d960a931cb9/3873319
[migrator] 2025/11/24 12:37:35 dry-run: would migrate 3b99930c-4dc6-4cc9-8e4d-7d960a931cb9/3895397
[migrator] 2025/11/24 12:37:35 dry-run: would migrate 3b99930c-4dc6-4cc9-8e4d-7d960a931cb9/3903384
[migrator] 2025/11/24 12:37:35 dry-run: would migrate 3b99930c-4dc6-4cc9-8e4d-7d960a931cb9/3917749
[migrator] 2025/11/24 12:37:35 dry-run: would migrate 3b99930c-4dc6-4cc9-8e4d-7d960a931cb9/3968449
[migrator] 2025/11/24 12:37:35 dry-run: would migrate 3b99930c-4dc6-4cc9-8e4d-7d960a931cb9/3969195
[migrator] 2025/11/24 12:37:35 dry-run: would migrate 3b99930c-4dc6-4cc9-8e4d-7d960a931cb9/4018214
[migrator] 2025/11/24 12:37:35 dry-run: would migrate 3b99930c-4dc6-4cc9-8e4d-7d960a931cb9/4024637
[migrator] 2025/11/24 12:37:35 dry-run: would migrate 3b99930c-4dc6-4cc9-8e4d-7d960a931cb9/4025622
[migrator] 2025/11/24 12:37:35 dry-run: would migrate 3b99930c-4dc6-4cc9-8e4d-7d960a931cb9/4028996
[migrator] 2025/11/24 12:37:35 dry-run: would migrate 3b99930c-4dc6-4cc9-8e4d-7d960a931cb9/4039122
[migrator] 2025/11/24 12:37:35 dry-run: would migrate 3b99930c-4dc6-4cc9-8e4d-7d960a931cb9/4054412
[migrator] 2025/11/24 12:37:35 dry-run: would migrate 3b99930c-4dc6-4cc9-8e4d-7d960a931cb9/4084203
[migrator] 2025/11/24 12:37:35 dry-run: would migrate 3b99930c-4dc6-4cc9-8e4d-7d960a931cb9/4108468
[migrator] 2025/11/24 12:37:35 dry-run: would migrate 3b99930c-4dc6-4cc9-8e4d-7d960a931cb9/4120173
[migrator] 2025/11/24 12:37:35 dry-run: would migrate 3b99930c-4dc6-4cc9-8e4d-7d960a931cb9/4150687
[migrator] 2025/11/24 12:37:35 dry-run: would migrate 3b99930c-4dc6-4cc9-8e4d-7d960a931cb9/4163675
[migrator] 2025/11/24 12:37:35 dry-run: would migrate 3b99930c-4dc6-4cc9-8e4d-7d960a931cb9/4173208
[migrator] 2025/11/24 12:37:35 dry-run: would migrate 3b99930c-4dc6-4cc9-8e4d-7d960a931cb9/4177515
[migrator] 2025/11/24 12:37:35 dry-run: would migrate 3b99930c-4dc6-4cc9-8e4d-7d960a931cb9/4184768
[migrator] 2025/11/24 12:37:35 dry-run: would migrate 3b99930c-4dc6-4cc9-8e4d-7d960a931cb9/4198780
[migrator] 2025/11/24 12:37:35 dry-run: would migrate 3b99930c-4dc6-4cc9-8e4d-7d960a931cb9/4200414
[migrator] 2025/11/24 12:37:35 dry-run: would migrate 3b99930c-4dc6-4cc9-8e4d-7d960a931cb9/4221800
[migrator] 2025/11/24 12:37:35 dry-run: would migrate 3b99930c-4dc6-4cc9-8e4d-7d960a931cb9/4223471
[migrator] 2025/11/24 12:37:35 dry-run: would migrate 3b99930c-4dc6-4cc9-8e4d-7d960a931cb9/4234030
[migrator] 2025/11/24 12:37:35 dry-run: would migrate 3b99930c-4dc6-4cc9-8e4d-7d960a931cb9/4243987
[migrator] 2025/11/24 12:37:35 dry-run: would migrate 3b99930c-4dc6-4cc9-8e4d-7d960a931cb9/4269771
[migrator] 2025/11/24 12:37:35 dry-run: would migrate 3b99930c-4dc6-4cc9-8e4d-7d960a931cb9/4297284
[migrator] 2025/11/24 12:37:35 dry-run: would migrate 3b99930c-4dc6-4cc9-8e4d-7d960a931cb9/4347494
[migrator] 2025/11/24 12:37:35 dry-run: would migrate 3b99930c-4dc6-4cc9-8e4d-7d960a931cb9/4373873
[migrator] 2025/11/24 12:37:35 dry-run: would migrate 3b99930c-4dc6-4cc9-8e4d-7d960a931cb9/4405225
[migrator] 2025/11/24 12:37:35 dry-run: would migrate 3b99930c-4dc6-4cc9-8e4d-7d960a931cb9/4455123
[migrator] 2025/11/24 12:37:35 dry-run: would migrate 3b99930c-4dc6-4cc9-8e4d-7d960a931cb9/4465359
[migrator] 2025/11/24 12:37:35 dry-run: would migrate 3b99930c-4dc6-4cc9-8e4d-7d960a931cb9/4474491
[migrator] 2025/11/24 12:37:35 dry-run: would migrate 3b99930c-4dc6-4cc9-8e4d-7d960a931cb9/4510320
[migrator] 2025/11/24 12:37:35 dry-run: would migrate 3b99930c-4dc6-4cc9-8e4d-7d960a931cb9/4547398
[migrator] 2025/11/24 12:37:35 dry-run: would migrate 3b99930c-4dc6-4cc9-8e4d-7d960a931cb9/4563306
[migrator] 2025/11/24 12:37:35 dry-run: would migrate 3b99930c-4dc6-4cc9-8e4d-7d960a931cb9/4567141
[migrator] 2025/11/24 12:37:35 dry-run: would migrate 3b99930c-4dc6-4cc9-8e4d-7d960a931cb9/4618504
[migrator] 2025/11/24 12:37:35 dry-run: would migrate 3b99930c-4dc6-4cc9-8e4d-7d960a931cb9/4682608
[migrator] 2025/11/24 12:37:35 dry-run: would migrate 3b99930c-4dc6-4cc9-8e4d-7d960a931cb9/4722138
[migrator] 2025/11/24 12:37:35 dry-run: would migrate 3b99930c-4dc6-4cc9-8e4d-7d960a931cb9/4737497
[migrator] 2025/11/24 12:37:35 dry-run: would migrate 3b99930c-4dc6-4cc9-8e4d-7d960a931cb9/4752546
[migrator] 2025/11/24 12:37:35 dry-run: would migrate 3b99930c-4dc6-4cc9-8e4d-7d960a931cb9/4754635
[migrator] 2025/11/24 12:37:35 dry-run: would migrate 3b99930c-4dc6-4cc9-8e4d-7d960a931cb9/4795457
[migrator] 2025/11/24 12:37:35 dry-run: would migrate 3b99930c-4dc6-4cc9-8e4d-7d960a931cb9/4796740
[migrator] 2025/11/24 12:37:35 dry-run: would migrate 3b99930c-4dc6-4cc9-8e4d-7d960a931cb9/4834099
[migrator] 2025/11/24 12:37:35 dry-run: would migrate 3b99930c-4dc6-4cc9-8e4d-7d960a931cb9/4875853
[migrator] 2025/11/24 12:37:35 dry-run: would migrate 3b99930c-4dc6-4cc9-8e4d-7d960a931cb9/4921874
[migrator] 2025/11/24 12:37:35 dry-run: would migrate 3b99930c-4dc6-4cc9-8e4d-7d960a931cb9/4927867
[migrator] 2025/11/24 12:37:35 dry-run: would migrate 3b99930c-4dc6-4cc9-8e4d-7d960a931cb9/4950210
[migrator] 2025/11/24 12:37:35 dry-run: would migrate 3b99930c-4dc6-4cc9-8e4d-7d960a931cb9/5071137
[migrator] 2025/11/24 12:37:35 dry-run: would migrate 3b99930c-4dc6-4cc9-8e4d-7d960a931cb9/5122734
[migrator] 2025/11/24 12:37:35 dry-run: would migrate 3b99930c-4dc6-4cc9-8e4d-7d960a931cb9/5125718
[migrator] 2025/11/24 12:37:35 dry-run: would migrate 3b99930c-4dc6-4cc9-8e4d-7d960a931cb9/5157758
[migrator] 2025/11/24 12:37:35 dry-run: would migrate 3b99930c-4dc6-4cc9-8e4d-7d960a931cb9/5159177
[migrator] 2025/11/24 12:37:35 dry-run: would migrate 3b99930c-4dc6-4cc9-8e4d-7d960a931cb9/5190573
[migrator] 2025/11/24 12:37:35 dry-run: would migrate 3b99930c-4dc6-4cc9-8e4d-7d960a931cb9/5210485
[migrator] 2025/11/24 12:37:35 dry-run: would migrate 3b99930c-4dc6-4cc9-8e4d-7d960a931cb9/5233795
[migrator] 2025/11/24 12:37:35 dry-run: would migrate 3b99930c-4dc6-4cc9-8e4d-7d960a931cb9/5252348
[migrator] 2025/11/24 12:37:35 dry-run: would migrate 3b99930c-4dc6-4cc9-8e4d-7d960a931cb9/5272793
[migrator] 2025/11/24 12:37:35 dry-run: would migrate 3b99930c-4dc6-4cc9-8e4d-7d960a931cb9/5301056
[migrator] 2025/11/24 12:37:35 dry-run: would migrate 3b99930c-4dc6-4cc9-8e4d-7d960a931cb9/5311293
[migrator] 2025/11/24 12:37:35 dry-run: would migrate 3b99930c-4dc6-4cc9-8e4d-7d960a931cb9/5321980
[migrator] 2025/11/24 12:37:35 dry-run: would migrate 3b99930c-4dc6-4cc9-8e4d-7d960a931cb9/5332984
[migrator] 2025/11/24 12:37:35 dry-run: would migrate 3b99930c-4dc6-4cc9-8e4d-7d960a931cb9/5342247
[migrator] 2025/11/24 12:37:35 dry-run: would migrate 3b99930c-4dc6-4cc9-8e4d-7d960a931cb9/5406822
[migrator] 2025/11/24 12:37:35 dry-run: would migrate 3b99930c-4dc6-4cc9-8e4d-7d960a931cb9/5453062
[migrator] 2025/11/24 12:37:35 dry-run: would migrate 3b99930c-4dc6-4cc9-8e4d-7d960a931cb9/5496322
[migrator] 2025/11/24 12:37:35 dry-run: would migrate 3b99930c-4dc6-4cc9-8e4d-7d960a931cb9/5519773
[migrator] 2025/11/24 12:37:35 dry-run: would migrate 3b99930c-4dc6-4cc9-8e4d-7d960a931cb9/5532454
[migrator] 2025/11/24 12:37:35 dry-run: would migrate 3b99930c-4dc6-4cc9-8e4d-7d960a931cb9/5544660
[migrator] 2025/11/24 12:37:35 dry-run: would migrate 3b99930c-4dc6-4cc9-8e4d-7d960a931cb9/5552993
[migrator] 2025/11/24 12:37:35 dry-run: would migrate 3b99930c-4dc6-4cc9-8e4d-7d960a931cb9/5553494
[migrator] 2025/11/24 12:37:35 dry-run: would migrate 3b99930c-4dc6-4cc9-8e4d-7d960a931cb9/5572980
[migrator] 2025/11/24 12:37:35 dry-run: would migrate 3b99930c-4dc6-4cc9-8e4d-7d960a931cb9/5575045
[migrator] 2025/11/24 12:37:35 dry-run: would migrate 3b99930c-4dc6-4cc9-8e4d-7d960a931cb9/5577937
[migrator] 2025/11/24 12:37:35 dry-run: would migrate 3b99930c-4dc6-4cc9-8e4d-7d960a931cb9/5586723
[migrator] 2025/11/24 12:37:35 dry-run: would migrate 3b99930c-4dc6-4cc9-8e4d-7d960a931cb9/5619378
[migrator] 2025/11/24 12:37:35 dry-run: would migrate 3b99930c-4dc6-4cc9-8e4d-7d960a931cb9/5635398
[migrator] 2025/11/24 12:37:35 dry-run: would migrate 3b99930c-4dc6-4cc9-8e4d-7d960a931cb9/5659183
[migrator] 2025/11/24 12:37:35 dry-run: would migrate 3b99930c-4dc6-4cc9-8e4d-7d960a931cb9/5662059
[migrator] 2025/11/24 12:37:35 dry-run: would migrate 3b99930c-4dc6-4cc9-8e4d-7d960a931cb9/5674013
[migrator] 2025/11/24 12:37:35 dry-run: would migrate 3b99930c-4dc6-4cc9-8e4d-7d960a931cb9/5712873
[migrator] 2025/11/24 12:37:35 dry-run: would migrate 3b99930c-4dc6-4cc9-8e4d-7d960a931cb9/5720146
[migrator] 2025/11/24 12:37:35 dry-run: would migrate 3b99930c-4dc6-4cc9-8e4d-7d960a931cb9/5722917
[migrator] 2025/11/24 12:37:35 dry-run: would migrate 3b99930c-4dc6-4cc9-8e4d-7d960a931cb9/5727332
[migrator] 2025/11/24 12:37:35 dry-run: would migrate 3b99930c-4dc6-4cc9-8e4d-7d960a931cb9/5814445
[migrator] 2025/11/24 12:37:35 dry-run: would migrate 3b99930c-4dc6-4cc9-8e4d-7d960a931cb9/5821939
[migrator] 2025/11/24 12:37:35 dry-run: would migrate 3b99930c-4dc6-4cc9-8e4d-7d960a931cb9/5839809
[migrator] 2025/11/24 12:37:35 processed 300 records
[migrator] 2025/11/24 12:37:35 dry-run: would migrate 3b99930c-4dc6-4cc9-8e4d-7d960a931cb9/5839910
[migrator] 2025/11/24 12:37:35 dry-run: would migrate 3b99930c-4dc6-4cc9-8e4d-7d960a931cb9/5849701
[migrator] 2025/11/24 12:37:35 dry-run: would migrate 3b99930c-4dc6-4cc9-8e4d-7d960a931cb9/5850216
[migrator] 2025/11/24 12:37:35 dry-run: would migrate 3b99930c-4dc6-4cc9-8e4d-7d960a931cb9/5908443
[migrator] 2025/11/24 12:37:35 dry-run: would migrate 3b99930c-4dc6-4cc9-8e4d-7d960a931cb9/5929757
[migrator] 2025/11/24 12:37:35 dry-run: would migrate 3b99930c-4dc6-4cc9-8e4d-7d960a931cb9/5944823
[migrator] 2025/11/24 12:37:35 dry-run: would migrate 3b99930c-4dc6-4cc9-8e4d-7d960a931cb9/6004494
[migrator] 2025/11/24 12:37:35 dry-run: would migrate 3b99930c-4dc6-4cc9-8e4d-7d960a931cb9/6018034
[migrator] 2025/11/24 12:37:35 dry-run: would migrate 3b99930c-4dc6-4cc9-8e4d-7d960a931cb9/6063713
[migrator] 2025/11/24 12:37:35 dry-run: would migrate 3b99930c-4dc6-4cc9-8e4d-7d960a931cb9/6065881
[migrator] 2025/11/24 12:37:35 dry-run: would migrate 3b99930c-4dc6-4cc9-8e4d-7d960a931cb9/6132481
[migrator] 2025/11/24 12:37:35 dry-run: would migrate 3b99930c-4dc6-4cc9-8e4d-7d960a931cb9/6142479
[migrator] 2025/11/24 12:37:35 dry-run: would migrate 3b99930c-4dc6-4cc9-8e4d-7d960a931cb9/6148989
[migrator] 2025/11/24 12:37:35 dry-run: would migrate 3b99930c-4dc6-4cc9-8e4d-7d960a931cb9/6179847
[migrator] 2025/11/24 12:37:35 dry-run: would migrate 3b99930c-4dc6-4cc9-8e4d-7d960a931cb9/6185589
[migrator] 2025/11/24 12:37:35 dry-run: would migrate 3b99930c-4dc6-4cc9-8e4d-7d960a931cb9/6214983
[migrator] 2025/11/24 12:37:35 dry-run: would migrate 3b99930c-4dc6-4cc9-8e4d-7d960a931cb9/6215801
[migrator] 2025/11/24 12:37:35 dry-run: would migrate 3b99930c-4dc6-4cc9-8e4d-7d960a931cb9/6220418
[migrator] 2025/11/24 12:37:35 dry-run: would migrate 3b99930c-4dc6-4cc9-8e4d-7d960a931cb9/6265621
[migrator] 2025/11/24 12:37:35 dry-run: would migrate 3b99930c-4dc6-4cc9-8e4d-7d960a931cb9/6268361
[migrator] 2025/11/24 12:37:35 dry-run: would migrate 3b99930c-4dc6-4cc9-8e4d-7d960a931cb9/6336568
[migrator] 2025/11/24 12:37:35 dry-run: would migrate 3b99930c-4dc6-4cc9-8e4d-7d960a931cb9/6383560
[migrator] 2025/11/24 12:37:35 dry-run: would migrate 3b99930c-4dc6-4cc9-8e4d-7d960a931cb9/6405980
[migrator] 2025/11/24 12:37:35 dry-run: would migrate 3b99930c-4dc6-4cc9-8e4d-7d960a931cb9/6410825
[migrator] 2025/11/24 12:37:35 dry-run: would migrate 3b99930c-4dc6-4cc9-8e4d-7d960a931cb9/6419007
[migrator] 2025/11/24 12:37:35 dry-run: would migrate 3b99930c-4dc6-4cc9-8e4d-7d960a931cb9/6458145
[migrator] 2025/11/24 12:37:35 dry-run: would migrate 3b99930c-4dc6-4cc9-8e4d-7d960a931cb9/6462839
[migrator] 2025/11/24 12:37:35 dry-run: would migrate 3b99930c-4dc6-4cc9-8e4d-7d960a931cb9/6463576
[migrator] 2025/11/24 12:37:35 dry-run: would migrate 3b99930c-4dc6-4cc9-8e4d-7d960a931cb9/6484346
[migrator] 2025/11/24 12:37:35 dry-run: would migrate 3b99930c-4dc6-4cc9-8e4d-7d960a931cb9/6492150
[migrator] 2025/11/24 12:37:35 dry-run: would migrate 3b99930c-4dc6-4cc9-8e4d-7d960a931cb9/6507997
[migrator] 2025/11/24 12:37:35 dry-run: would migrate 3b99930c-4dc6-4cc9-8e4d-7d960a931cb9/6510148
[migrator] 2025/11/24 12:37:35 dry-run: would migrate 3b99930c-4dc6-4cc9-8e4d-7d960a931cb9/6516789
[migrator] 2025/11/24 12:37:35 dry-run: would migrate 3b99930c-4dc6-4cc9-8e4d-7d960a931cb9/6517718
[migrator] 2025/11/24 12:37:35 dry-run: would migrate 3b99930c-4dc6-4cc9-8e4d-7d960a931cb9/6534952
[migrator] 2025/11/24 12:37:35 dry-run: would migrate 3b99930c-4dc6-4cc9-8e4d-7d960a931cb9/6547842
[migrator] 2025/11/24 12:37:35 dry-run: would migrate 3b99930c-4dc6-4cc9-8e4d-7d960a931cb9/6587551
[migrator] 2025/11/24 12:37:35 dry-run: would migrate 3b99930c-4dc6-4cc9-8e4d-7d960a931cb9/6596831
[migrator] 2025/11/24 12:37:35 dry-run: would migrate 3b99930c-4dc6-4cc9-8e4d-7d960a931cb9/6620316
[migrator] 2025/11/24 12:37:35 dry-run: would migrate 3b99930c-4dc6-4cc9-8e4d-7d960a931cb9/6705985
[migrator] 2025/11/24 12:37:35 dry-run: would migrate 3b99930c-4dc6-4cc9-8e4d-7d960a931cb9/6719435
[migrator] 2025/11/24 12:37:35 dry-run: would migrate 3b99930c-4dc6-4cc9-8e4d-7d960a931cb9/6726001
[migrator] 2025/11/24 12:37:35 dry-run: would migrate 3b99930c-4dc6-4cc9-8e4d-7d960a931cb9/6778222
[migrator] 2025/11/24 12:37:35 dry-run: would migrate 3b99930c-4dc6-4cc9-8e4d-7d960a931cb9/6790434
[migrator] 2025/11/24 12:37:35 dry-run: would migrate 3b99930c-4dc6-4cc9-8e4d-7d960a931cb9/6817113
[migrator] 2025/11/24 12:37:35 dry-run: would migrate 3b99930c-4dc6-4cc9-8e4d-7d960a931cb9/6846706
[migrator] 2025/11/24 12:37:35 dry-run: would migrate 3b99930c-4dc6-4cc9-8e4d-7d960a931cb9/6876430
[migrator] 2025/11/24 12:37:35 dry-run: would migrate 3b99930c-4dc6-4cc9-8e4d-7d960a931cb9/6878145
[migrator] 2025/11/24 12:37:35 dry-run: would migrate 3b99930c-4dc6-4cc9-8e4d-7d960a931cb9/6879476
[migrator] 2025/11/24 12:37:35 dry-run: would migrate 3b99930c-4dc6-4cc9-8e4d-7d960a931cb9/6887078
[migrator] 2025/11/24 12:37:35 dry-run: would migrate 3b99930c-4dc6-4cc9-8e4d-7d960a931cb9/6889518
[migrator] 2025/11/24 12:37:35 dry-run: would migrate 3b99930c-4dc6-4cc9-8e4d-7d960a931cb9/6912317
[migrator] 2025/11/24 12:37:35 dry-run: would migrate 3b99930c-4dc6-4cc9-8e4d-7d960a931cb9/6918539
[migrator] 2025/11/24 12:37:35 dry-run: would migrate 3b99930c-4dc6-4cc9-8e4d-7d960a931cb9/6964320
[migrator] 2025/11/24 12:37:35 dry-run: would migrate 3b99930c-4dc6-4cc9-8e4d-7d960a931cb9/6978334
[migrator] 2025/11/24 12:37:35 dry-run: would migrate 3b99930c-4dc6-4cc9-8e4d-7d960a931cb9/6982975
[migrator] 2025/11/24 12:37:35 dry-run: would migrate 3b99930c-4dc6-4cc9-8e4d-7d960a931cb9/7004223
[migrator] 2025/11/24 12:37:35 dry-run: would migrate 3b99930c-4dc6-4cc9-8e4d-7d960a931cb9/7024148
[migrator] 2025/11/24 12:37:35 dry-run: would migrate 3b99930c-4dc6-4cc9-8e4d-7d960a931cb9/7042993
[migrator] 2025/11/24 12:37:35 dry-run: would migrate 3b99930c-4dc6-4cc9-8e4d-7d960a931cb9/7050771
[migrator] 2025/11/24 12:37:35 dry-run: would migrate 3b99930c-4dc6-4cc9-8e4d-7d960a931cb9/7054891
[migrator] 2025/11/24 12:37:35 dry-run: would migrate 3b99930c-4dc6-4cc9-8e4d-7d960a931cb9/7058246
[migrator] 2025/11/24 12:37:35 dry-run: would migrate 3b99930c-4dc6-4cc9-8e4d-7d960a931cb9/7072564
[migrator] 2025/11/24 12:37:35 dry-run: would migrate 3b99930c-4dc6-4cc9-8e4d-7d960a931cb9/7093667
[migrator] 2025/11/24 12:37:35 dry-run: would migrate 3b99930c-4dc6-4cc9-8e4d-7d960a931cb9/7116505
[migrator] 2025/11/24 12:37:35 dry-run: would migrate 3b99930c-4dc6-4cc9-8e4d-7d960a931cb9/7118380
[migrator] 2025/11/24 12:37:35 dry-run: would migrate 3b99930c-4dc6-4cc9-8e4d-7d960a931cb9/7140463
[migrator] 2025/11/24 12:37:35 dry-run: would migrate 3b99930c-4dc6-4cc9-8e4d-7d960a931cb9/7161687
[migrator] 2025/11/24 12:37:35 dry-run: would migrate 3b99930c-4dc6-4cc9-8e4d-7d960a931cb9/7171239
[migrator] 2025/11/24 12:37:35 dry-run: would migrate 3b99930c-4dc6-4cc9-8e4d-7d960a931cb9/7241107
[migrator] 2025/11/24 12:37:35 dry-run: would migrate 3b99930c-4dc6-4cc9-8e4d-7d960a931cb9/7251192
[migrator] 2025/11/24 12:37:35 dry-run: would migrate 3b99930c-4dc6-4cc9-8e4d-7d960a931cb9/7272061
[migrator] 2025/11/24 12:37:35 dry-run: would migrate 3b99930c-4dc6-4cc9-8e4d-7d960a931cb9/7287107
[migrator] 2025/11/24 12:37:35 dry-run: would migrate 3b99930c-4dc6-4cc9-8e4d-7d960a931cb9/7296482
[migrator] 2025/11/24 12:37:35 dry-run: would migrate 3b99930c-4dc6-4cc9-8e4d-7d960a931cb9/7297338
[migrator] 2025/11/24 12:37:35 dry-run: would migrate 3b99930c-4dc6-4cc9-8e4d-7d960a931cb9/7316330
[migrator] 2025/11/24 12:37:35 dry-run: would migrate 3b99930c-4dc6-4cc9-8e4d-7d960a931cb9/7319072
[migrator] 2025/11/24 12:37:35 dry-run: would migrate 3b99930c-4dc6-4cc9-8e4d-7d960a931cb9/7346221
[migrator] 2025/11/24 12:37:35 dry-run: would migrate 3b99930c-4dc6-4cc9-8e4d-7d960a931cb9/7354618
[migrator] 2025/11/24 12:37:35 dry-run: would migrate 3b99930c-4dc6-4cc9-8e4d-7d960a931cb9/7359769
[migrator] 2025/11/24 12:37:35 dry-run: would migrate 3b99930c-4dc6-4cc9-8e4d-7d960a931cb9/7381616
[migrator] 2025/11/24 12:37:35 dry-run: would migrate 3b99930c-4dc6-4cc9-8e4d-7d960a931cb9/7383925
[migrator] 2025/11/24 12:37:35 dry-run: would migrate 3b99930c-4dc6-4cc9-8e4d-7d960a931cb9/7390763
[migrator] 2025/11/24 12:37:35 dry-run: would migrate 3b99930c-4dc6-4cc9-8e4d-7d960a931cb9/7404800
[migrator] 2025/11/24 12:37:35 dry-run: would migrate 3b99930c-4dc6-4cc9-8e4d-7d960a931cb9/7453515
[migrator] 2025/11/24 12:37:35 dry-run: would migrate 3b99930c-4dc6-4cc9-8e4d-7d960a931cb9/7455062
[migrator] 2025/11/24 12:37:35 dry-run: would migrate 3b99930c-4dc6-4cc9-8e4d-7d960a931cb9/7469677
[migrator] 2025/11/24 12:37:35 dry-run: would migrate 3b99930c-4dc6-4cc9-8e4d-7d960a931cb9/7487922
[migrator] 2025/11/24 12:37:35 dry-run: would migrate 3b99930c-4dc6-4cc9-8e4d-7d960a931cb9/7508792
[migrator] 2025/11/24 12:37:35 dry-run: would migrate 3b99930c-4dc6-4cc9-8e4d-7d960a931cb9/7531096
[migrator] 2025/11/24 12:37:35 dry-run: would migrate 3b99930c-4dc6-4cc9-8e4d-7d960a931cb9/7535983
[migrator] 2025/11/24 12:37:35 dry-run: would migrate 3b99930c-4dc6-4cc9-8e4d-7d960a931cb9/7548503
[migrator] 2025/11/24 12:37:35 dry-run: would migrate 3b99930c-4dc6-4cc9-8e4d-7d960a931cb9/7577683
[migrator] 2025/11/24 12:37:35 dry-run: would migrate 3b99930c-4dc6-4cc9-8e4d-7d960a931cb9/7601530
[migrator] 2025/11/24 12:37:35 dry-run: would migrate 3b99930c-4dc6-4cc9-8e4d-7d960a931cb9/7629673
[migrator] 2025/11/24 12:37:35 dry-run: would migrate 3b99930c-4dc6-4cc9-8e4d-7d960a931cb9/7694077
[migrator] 2025/11/24 12:37:35 dry-run: would migrate 3b99930c-4dc6-4cc9-8e4d-7d960a931cb9/7694520
[migrator] 2025/11/24 12:37:35 dry-run: would migrate 3b99930c-4dc6-4cc9-8e4d-7d960a931cb9/7720202
[migrator] 2025/11/24 12:37:35 dry-run: would migrate 3b99930c-4dc6-4cc9-8e4d-7d960a931cb9/7728368
[migrator] 2025/11/24 12:37:35 dry-run: would migrate 3b99930c-4dc6-4cc9-8e4d-7d960a931cb9/7788173
[migrator] 2025/11/24 12:37:35 processed 400 records
[migrator] 2025/11/24 12:37:35 dry-run: would migrate 3b99930c-4dc6-4cc9-8e4d-7d960a931cb9/7818547
[migrator] 2025/11/24 12:37:35 dry-run: would migrate 3b99930c-4dc6-4cc9-8e4d-7d960a931cb9/7823158
[migrator] 2025/11/24 12:37:35 dry-run: would migrate 3b99930c-4dc6-4cc9-8e4d-7d960a931cb9/7832215
[migrator] 2025/11/24 12:37:35 dry-run: would migrate 3b99930c-4dc6-4cc9-8e4d-7d960a931cb9/7835505
[migrator] 2025/11/24 12:37:35 dry-run: would migrate 3b99930c-4dc6-4cc9-8e4d-7d960a931cb9/7923628
[migrator] 2025/11/24 12:37:35 dry-run: would migrate 3b99930c-4dc6-4cc9-8e4d-7d960a931cb9/8002392
[migrator] 2025/11/24 12:37:35 dry-run: would migrate 3b99930c-4dc6-4cc9-8e4d-7d960a931cb9/8015796
[migrator] 2025/11/24 12:37:35 dry-run: would migrate 3b99930c-4dc6-4cc9-8e4d-7d960a931cb9/8044346
[migrator] 2025/11/24 12:37:35 dry-run: would migrate 3b99930c-4dc6-4cc9-8e4d-7d960a931cb9/8049759
[migrator] 2025/11/24 12:37:35 dry-run: would migrate 3b99930c-4dc6-4cc9-8e4d-7d960a931cb9/8070251
[migrator] 2025/11/24 12:37:35 dry-run: would migrate 3b99930c-4dc6-4cc9-8e4d-7d960a931cb9/8087203
[migrator] 2025/11/24 12:37:35 dry-run: would migrate 3b99930c-4dc6-4cc9-8e4d-7d960a931cb9/8126125
[migrator] 2025/11/24 12:37:35 dry-run: would migrate 3b99930c-4dc6-4cc9-8e4d-7d960a931cb9/8144426
[migrator] 2025/11/24 12:37:35 dry-run: would migrate 3b99930c-4dc6-4cc9-8e4d-7d960a931cb9/8154804
[migrator] 2025/11/24 12:37:35 dry-run: would migrate 3b99930c-4dc6-4cc9-8e4d-7d960a931cb9/8196654
[migrator] 2025/11/24 12:37:35 dry-run: would migrate 3b99930c-4dc6-4cc9-8e4d-7d960a931cb9/8197561
[migrator] 2025/11/24 12:37:35 dry-run: would migrate 3b99930c-4dc6-4cc9-8e4d-7d960a931cb9/8202103
[migrator] 2025/11/24 12:37:35 dry-run: would migrate 3b99930c-4dc6-4cc9-8e4d-7d960a931cb9/8252500
[migrator] 2025/11/24 12:37:35 dry-run: would migrate 3b99930c-4dc6-4cc9-8e4d-7d960a931cb9/8309029
[migrator] 2025/11/24 12:37:35 dry-run: would migrate 3b99930c-4dc6-4cc9-8e4d-7d960a931cb9/8316406
[migrator] 2025/11/24 12:37:35 dry-run: would migrate 3b99930c-4dc6-4cc9-8e4d-7d960a931cb9/8375860
[migrator] 2025/11/24 12:37:35 dry-run: would migrate 3b99930c-4dc6-4cc9-8e4d-7d960a931cb9/8386745
[migrator] 2025/11/24 12:37:35 dry-run: would migrate 3b99930c-4dc6-4cc9-8e4d-7d960a931cb9/8416372
[migrator] 2025/11/24 12:37:35 dry-run: would migrate 3b99930c-4dc6-4cc9-8e4d-7d960a931cb9/8431017
[migrator] 2025/11/24 12:37:35 dry-run: would migrate 3b99930c-4dc6-4cc9-8e4d-7d960a931cb9/8442441
[migrator] 2025/11/24 12:37:35 dry-run: would migrate 3b99930c-4dc6-4cc9-8e4d-7d960a931cb9/8447682
[migrator] 2025/11/24 12:37:35 dry-run: would migrate 3b99930c-4dc6-4cc9-8e4d-7d960a931cb9/8470203
[migrator] 2025/11/24 12:37:35 dry-run: would migrate 3b99930c-4dc6-4cc9-8e4d-7d960a931cb9/8475371
[migrator] 2025/11/24 12:37:35 dry-run: would migrate 3b99930c-4dc6-4cc9-8e4d-7d960a931cb9/8481693
[migrator] 2025/11/24 12:37:35 dry-run: would migrate 3b99930c-4dc6-4cc9-8e4d-7d960a931cb9/8482478
[migrator] 2025/11/24 12:37:35 dry-run: would migrate 3b99930c-4dc6-4cc9-8e4d-7d960a931cb9/8488400
[migrator] 2025/11/24 12:37:35 dry-run: would migrate 3b99930c-4dc6-4cc9-8e4d-7d960a931cb9/8579238
[migrator] 2025/11/24 12:37:35 dry-run: would migrate 3b99930c-4dc6-4cc9-8e4d-7d960a931cb9/8620348
[migrator] 2025/11/24 12:37:35 dry-run: would migrate 3b99930c-4dc6-4cc9-8e4d-7d960a931cb9/8627945
[migrator] 2025/11/24 12:37:35 dry-run: would migrate 3b99930c-4dc6-4cc9-8e4d-7d960a931cb9/8629619
[migrator] 2025/11/24 12:37:35 dry-run: would migrate 3b99930c-4dc6-4cc9-8e4d-7d960a931cb9/8630508
[migrator] 2025/11/24 12:37:35 dry-run: would migrate 3b99930c-4dc6-4cc9-8e4d-7d960a931cb9/8651439
[migrator] 2025/11/24 12:37:35 dry-run: would migrate 3b99930c-4dc6-4cc9-8e4d-7d960a931cb9/8656748
[migrator] 2025/11/24 12:37:35 dry-run: would migrate 3b99930c-4dc6-4cc9-8e4d-7d960a931cb9/8676015
[migrator] 2025/11/24 12:37:35 dry-run: would migrate 3b99930c-4dc6-4cc9-8e4d-7d960a931cb9/8690697
[migrator] 2025/11/24 12:37:35 dry-run: would migrate 3b99930c-4dc6-4cc9-8e4d-7d960a931cb9/8717392
[migrator] 2025/11/24 12:37:35 dry-run: would migrate 3b99930c-4dc6-4cc9-8e4d-7d960a931cb9/8718364
[migrator] 2025/11/24 12:37:35 dry-run: would migrate 3b99930c-4dc6-4cc9-8e4d-7d960a931cb9/8718525
[migrator] 2025/11/24 12:37:35 dry-run: would migrate 3b99930c-4dc6-4cc9-8e4d-7d960a931cb9/8744019
[migrator] 2025/11/24 12:37:35 dry-run: would migrate 3b99930c-4dc6-4cc9-8e4d-7d960a931cb9/8803256
[migrator] 2025/11/24 12:37:35 dry-run: would migrate 3b99930c-4dc6-4cc9-8e4d-7d960a931cb9/8806788
[migrator] 2025/11/24 12:37:35 dry-run: would migrate 3b99930c-4dc6-4cc9-8e4d-7d960a931cb9/8848618
[migrator] 2025/11/24 12:37:35 dry-run: would migrate 3b99930c-4dc6-4cc9-8e4d-7d960a931cb9/8867097
[migrator] 2025/11/24 12:37:35 dry-run: would migrate 3b99930c-4dc6-4cc9-8e4d-7d960a931cb9/8868768
[migrator] 2025/11/24 12:37:35 dry-run: would migrate 3b99930c-4dc6-4cc9-8e4d-7d960a931cb9/8878030
[migrator] 2025/11/24 12:37:35 dry-run: would migrate 3b99930c-4dc6-4cc9-8e4d-7d960a931cb9/8885671
[migrator] 2025/11/24 12:37:35 dry-run: would migrate 3b99930c-4dc6-4cc9-8e4d-7d960a931cb9/8934849
[migrator] 2025/11/24 12:37:35 dry-run: would migrate 3b99930c-4dc6-4cc9-8e4d-7d960a931cb9/8949933
[migrator] 2025/11/24 12:37:35 dry-run: would migrate 3b99930c-4dc6-4cc9-8e4d-7d960a931cb9/8950642
[migrator] 2025/11/24 12:37:35 dry-run: would migrate 3b99930c-4dc6-4cc9-8e4d-7d960a931cb9/8952780
[migrator] 2025/11/24 12:37:35 dry-run: would migrate 3b99930c-4dc6-4cc9-8e4d-7d960a931cb9/8967693
[migrator] 2025/11/24 12:37:35 dry-run: would migrate 3b99930c-4dc6-4cc9-8e4d-7d960a931cb9/8992001
[migrator] 2025/11/24 12:37:35 dry-run: would migrate 3b99930c-4dc6-4cc9-8e4d-7d960a931cb9/8995594
[migrator] 2025/11/24 12:37:35 dry-run: would migrate 3b99930c-4dc6-4cc9-8e4d-7d960a931cb9/9000679
[migrator] 2025/11/24 12:37:35 dry-run: would migrate 3b99930c-4dc6-4cc9-8e4d-7d960a931cb9/9013575
[migrator] 2025/11/24 12:37:35 dry-run: would migrate 3b99930c-4dc6-4cc9-8e4d-7d960a931cb9/9035201
[migrator] 2025/11/24 12:37:35 dry-run: would migrate 3b99930c-4dc6-4cc9-8e4d-7d960a931cb9/9050986
[migrator] 2025/11/24 12:37:35 dry-run: would migrate 3b99930c-4dc6-4cc9-8e4d-7d960a931cb9/9059685
[migrator] 2025/11/24 12:37:35 dry-run: would migrate 3b99930c-4dc6-4cc9-8e4d-7d960a931cb9/9110930
[migrator] 2025/11/24 12:37:35 dry-run: would migrate 3b99930c-4dc6-4cc9-8e4d-7d960a931cb9/9112210
[migrator] 2025/11/24 12:37:35 dry-run: would migrate 3b99930c-4dc6-4cc9-8e4d-7d960a931cb9/9143485
[migrator] 2025/11/24 12:37:35 dry-run: would migrate 3b99930c-4dc6-4cc9-8e4d-7d960a931cb9/9193927
[migrator] 2025/11/24 12:37:35 dry-run: would migrate 3b99930c-4dc6-4cc9-8e4d-7d960a931cb9/9262797
[migrator] 2025/11/24 12:37:35 dry-run: would migrate 3b99930c-4dc6-4cc9-8e4d-7d960a931cb9/9281182
[migrator] 2025/11/24 12:37:35 dry-run: would migrate 3b99930c-4dc6-4cc9-8e4d-7d960a931cb9/9338563
[migrator] 2025/11/24 12:37:35 dry-run: would migrate 3b99930c-4dc6-4cc9-8e4d-7d960a931cb9/9354420
[migrator] 2025/11/24 12:37:35 dry-run: would migrate 3b99930c-4dc6-4cc9-8e4d-7d960a931cb9/9358043
[migrator] 2025/11/24 12:37:35 dry-run: would migrate 3b99930c-4dc6-4cc9-8e4d-7d960a931cb9/9358822
[migrator] 2025/11/24 12:37:35 dry-run: would migrate 3b99930c-4dc6-4cc9-8e4d-7d960a931cb9/9435074
[migrator] 2025/11/24 12:37:35 dry-run: would migrate 3b99930c-4dc6-4cc9-8e4d-7d960a931cb9/9441189
[migrator] 2025/11/24 12:37:35 dry-run: would migrate 3b99930c-4dc6-4cc9-8e4d-7d960a931cb9/9502730
[migrator] 2025/11/24 12:37:35 dry-run: would migrate 3b99930c-4dc6-4cc9-8e4d-7d960a931cb9/9517859
[migrator] 2025/11/24 12:37:35 dry-run: would migrate 3b99930c-4dc6-4cc9-8e4d-7d960a931cb9/9577792
[migrator] 2025/11/24 12:37:35 dry-run: would migrate 3b99930c-4dc6-4cc9-8e4d-7d960a931cb9/9593000
[migrator] 2025/11/24 12:37:35 dry-run: would migrate 3b99930c-4dc6-4cc9-8e4d-7d960a931cb9/9610506
[migrator] 2025/11/24 12:37:35 dry-run: would migrate 3b99930c-4dc6-4cc9-8e4d-7d960a931cb9/9637769
[migrator] 2025/11/24 12:37:35 dry-run: would migrate 3b99930c-4dc6-4cc9-8e4d-7d960a931cb9/9644988
[migrator] 2025/11/24 12:37:35 dry-run: would migrate 3b99930c-4dc6-4cc9-8e4d-7d960a931cb9/9671905
[migrator] 2025/11/24 12:37:35 dry-run: would migrate 3b99930c-4dc6-4cc9-8e4d-7d960a931cb9/9689308
[migrator] 2025/11/24 12:37:35 dry-run: would migrate 3b99930c-4dc6-4cc9-8e4d-7d960a931cb9/9689693
[migrator] 2025/11/24 12:37:35 dry-run: would migrate 3b99930c-4dc6-4cc9-8e4d-7d960a931cb9/9702450
[migrator] 2025/11/24 12:37:35 dry-run: would migrate 3b99930c-4dc6-4cc9-8e4d-7d960a931cb9/9721168
[migrator] 2025/11/24 12:37:35 dry-run: would migrate 3b99930c-4dc6-4cc9-8e4d-7d960a931cb9/9726376
[migrator] 2025/11/24 12:37:35 dry-run: would migrate 3b99930c-4dc6-4cc9-8e4d-7d960a931cb9/9731196
[migrator] 2025/11/24 12:37:35 dry-run: would migrate 3b99930c-4dc6-4cc9-8e4d-7d960a931cb9/9736427
[migrator] 2025/11/24 12:37:35 dry-run: would migrate 3b99930c-4dc6-4cc9-8e4d-7d960a931cb9/9751929
[migrator] 2025/11/24 12:37:35 dry-run: would migrate 3b99930c-4dc6-4cc9-8e4d-7d960a931cb9/9760380
[migrator] 2025/11/24 12:37:35 dry-run: would migrate 3b99930c-4dc6-4cc9-8e4d-7d960a931cb9/9769921
[migrator] 2025/11/24 12:37:35 dry-run: would migrate 3b99930c-4dc6-4cc9-8e4d-7d960a931cb9/9786088
[migrator] 2025/11/24 12:37:35 dry-run: would migrate 3b99930c-4dc6-4cc9-8e4d-7d960a931cb9/9786640
[migrator] 2025/11/24 12:37:35 dry-run: would migrate 3b99930c-4dc6-4cc9-8e4d-7d960a931cb9/9790961
[migrator] 2025/11/24 12:37:35 dry-run: would migrate 3b99930c-4dc6-4cc9-8e4d-7d960a931cb9/9792402
[migrator] 2025/11/24 12:37:35 dry-run: would migrate 3b99930c-4dc6-4cc9-8e4d-7d960a931cb9/9809862
[migrator] 2025/11/24 12:37:35 dry-run: would migrate 3b99930c-4dc6-4cc9-8e4d-7d960a931cb9/9810357
[migrator] 2025/11/24 12:37:35 dry-run: would migrate 3b99930c-4dc6-4cc9-8e4d-7d960a931cb9/9816493
[migrator] 2025/11/24 12:37:35 processed 500 records
[migrator] 2025/11/24 12:37:35 dry-run: would migrate 3b99930c-4dc6-4cc9-8e4d-7d960a931cb9/9820409
[migrator] 2025/11/24 12:37:35 dry-run: would migrate 3b99930c-4dc6-4cc9-8e4d-7d960a931cb9/9892329
[migrator] 2025/11/24 12:37:35 dry-run: would migrate 3b99930c-4dc6-4cc9-8e4d-7d960a931cb9/9893116
[migrator] 2025/11/24 12:37:35 dry-run: would migrate 3b99930c-4dc6-4cc9-8e4d-7d960a931cb9/9971549
[migrator] 2025/11/24 12:37:35 legacy export complete (count=504)
[migrator] 2025/11/24 12:37:35 link refresh complete
