{
  "timestamp": "2025-11-23T13:52:27.378Z",
  "steps": [
    {
      "name": "contract-drift-check",
      "command": "node scripts/contract/drift-check.js --include-fields",
      "startedAt": "2025-11-23T13:52:24.601Z",
      "finishedAt": "2025-11-23T13:52:24.674Z",
      "status": 0,
      "stdout": "✅ 契约漂移检测通过，OpenAPI 与 GraphQL 枚举一致\n",
      "stderr": ""
    },
    {
      "name": "frontend-contract-generate",
      "command": "npm --prefix frontend run contract:generate",
      "startedAt": "2025-11-23T13:52:24.674Z",
      "finishedAt": "2025-11-23T13:52:27.378Z",
      "status": 0,
      "stdout": "\n> frontend@0.0.0 contract:generate\n> graphql-codegen --config codegen.yml\n\n[STARTED] Parse Configuration\n[SUCCESS] Parse Configuration\n[STARTED] Generate outputs\n[STARTED] Generate to src/generated/graphql-types.ts\n[STARTED] Load GraphQL schemas\n[SUCCESS] Load GraphQL schemas\n[STARTED] Load GraphQL documents\n[SUCCESS] Load GraphQL documents\n[STARTED] Generate\n[SUCCESS] Generate\n[SUCCESS] Generate to src/generated/graphql-types.ts\n[SUCCESS] Generate outputs\n",
      "stderr": ""
    }
  ]
}